// Jest Snapshot v1, https://jestjs.io/docs/snapshot-testing

exports[`email templates order confirmation html snapshot 1`] = `
"<!doctype html><html><body style="font-family:Arial,sans-serif;line-height:1.4;color:#222;">
  <h1 style="font-size:20px;margin:0 0 12px;">Thanks for your order!</h1>
  <p style="margin:0 0 12px;">Order <strong>#order_12345</strong> has been received.</p>
  <p style="margin:0 0 12px;">Total: <strong>$25.99</strong></p>
  <p style="font-size:12px;color:#666;">You will receive another email when payment is confirmed.</p>
  </body></html>"
`;

exports[`email templates payment receipt html snapshot 1`] = `
"<!doctype html><html><body style="font-family:Arial,sans-serif;line-height:1.4;color:#222;">
  <h1 style="font-size:20px;margin:0 0 12px;">Payment received</h1>
  <p style="margin:0 0 12px;">We've captured payment for order <strong>#order_12345</strong>.</p>
  <p style="margin:0 0 12px;">Amount: <strong>$25.99</strong></p>
  <p style="font-size:12px;color:#666;">We'll start fulfilling your order shortly.</p>
  </body></html>"
`;
